2026-09-20 09:08:09.083 INFO   Freerouting v2.4.1 (build-date: 2026-09-03)
2026-09-20 09:08:10.726 INFO   [C3243E\E54A12] Loading board file 'finish.dsn'...
2026-09-20 09:08:10.881 INFO   Layer 'In1.Cu' has been automatically configured as a dedicated power plane because it contains a large conduction area covering >50% of the board.
2026-09-20 09:08:10.882 INFO   Layer 'In2.Cu' has been automatically configured as a dedicated power plane because it contains a large conduction area covering >50% of the board.
2026-09-20 09:08:10.882 WARN   DSN file 'finish.dsn' was loaded with 5 warning(s).
2026-09-20 09:08:10.932 INFO   [C3243E\E54A12] Job 'C3243E\E54A12' started at 2026-09-20T08:08:10.932553Z.
2026-09-20 09:08:11.173 INFO   [C3243E\E54A12] Auto-routing stage started on board '04b02065ce2c9439ecc4659114d81001' for 365 unrouted items.
2026-09-20 09:09:59.010 WARN   BasicBoard.normalizeTraces: reached 2000 iterations for net '/Brake chopper/BRAKE_PWM_DRV' — stopping to prevent hang. The board geometry for this net may be oscillating (split/combine cycle); traces are kept as-is and further normalization for this net is suppressed on this board candidate.
2026-09-20 09:10:09.097 WARN   BasicBoard.normalizeTraces: reached 2000 iterations for net '5V_USB' — stopping to prevent hang. The board geometry for this net may be oscillating (split/combine cycle); traces are kept as-is and further normalization for this net is suppressed on this board candidate.
2026-09-20 09:10:18.431 INFO   [C3243E\E54A12] Auto-routing pass #1 on board '04b02065ce2c9439ecc4659114d81001' was completed in 126.39 seconds with score 29.86 (237 unrouted and 2031 violations), using 124.45 CPU seconds and the job allocated 1170.00 GB of memory so far.
2026-09-20 09:12:18.097 INFO   [C3243E\E54A12] Auto-routing pass #2 on board '4d7a7ca2d9c4fbc868a34f3d306f24f8' was completed in 118.48 seconds with score 25.33 (240 unrouted and 2031 violations), using 243.04 CPU seconds and the job allocated 2154.18 GB of memory so far.
2026-09-20 09:14:50.072 INFO   [C3243E\E54A12] Auto-routing pass #3 on board '5fd641a11584473931eccea8c9f2ceaf' was completed in 150.65 seconds with score 31.37 (236 unrouted and 2031 violations), using 392.00 CPU seconds and the job allocated 3154.94 GB of memory so far.
2026-09-20 09:17:24.151 INFO   [C3243E\E54A12] Auto-routing pass #4 on board '42817192e424f7015104be152cf87b4c' was completed in 152.52 seconds with score 31.37 (236 unrouted and 2031 violations), using 543.01 CPU seconds and the job allocated 4155.19 GB of memory so far.
2026-09-20 09:20:12.663 INFO   [C3243E\E54A12] Auto-routing pass #5 on board '880247111ad215bf18d2bb381573bc68' was completed in 167.06 seconds with score 29.86 (237 unrouted and 2031 violations), using 708.88 CPU seconds and the job allocated 5183.30 GB of memory so far.
2026-09-20 09:23:11.753 INFO   [C3243E\E54A12] Auto-routing pass #6 on board 'a0001811cfcc91c06a76541908d3644c' was completed in 176.89 seconds with score 43.43 (228 unrouted and 2031 violations), using 883.70 CPU seconds and the job allocated 6198.96 GB of memory so far.
2026-09-20 09:26:08.187 INFO   [C3243E\E54A12] Auto-routing pass #7 on board '5b2ec5aaae1df6994621b5391c06da3f' was completed in 174.70 seconds with score 38.91 (231 unrouted and 2031 violations), using 1057.18 CPU seconds and the job allocated 7198.76 GB of memory so far.
2026-09-20 09:28:10.672 INFO   [C3243E\E54A12] Auto-routing pass #8 on board '5b2ec5aaae1df6994621b5391c06da3f' was completed in 0.00 seconds with score 43.43 (228 unrouted and 2031 violations), using 1178.58 CPU seconds and the job allocated 8204.76 GB of memory so far.
2026-09-20 09:28:56.599 WARN   BasicBoard.normalizeTraces: reached 2000 iterations for net 'CAN_STB' — stopping to prevent hang. The board geometry for this net may be oscillating (split/combine cycle); traces are kept as-is and further normalization for this net is suppressed on this board candidate.
2026-09-20 09:45:18.017 WARN   BasicBoard.normalizeTraces: reached 2000 iterations for net '/Brake chopper/BRAKE_PWM_DRV' — stopping to prevent hang. The board geometry for this net may be oscillating (split/combine cycle); traces are kept as-is and further normalization for this net is suppressed on this board candidate.
2026-09-20 09:45:27.563 INFO   [C3243E\E54A12] Auto-routing pass #9 on board '5b2ec5aaae1df6994621b5391c06da3f' was completed in 1036.05 seconds with score 41.92 (229 unrouted and 2031 violations), using 1315.62 CPU seconds and the job allocated 9343.36 GB of memory so far.
2026-09-20 10:29:43.155 INFO   [C3243E\E54A12] Auto-routing pass #10 on board '74eaac449e92c304c28215787cd2a99c' was completed in 2654.24 seconds with score 43.43 (228 unrouted and 2031 violations), using 1472.24 CPU seconds and the job allocated 10360.63 GB of memory so far.
2026-09-20 10:48:08.109 INFO   [C3243E\E54A12] Auto-routing pass #11 on board 'c398060974ebe4134964d8d762e9f15c' was completed in 1103.16 seconds with score 46.45 (226 unrouted and 2031 violations), using 1626.39 CPU seconds and the job allocated 11376.65 GB of memory so far.
2026-09-20 10:50:29.210 INFO   [C3243E\E54A12] Auto-routing pass #12 on board 'ad78a3a3cd3fee7e1de3186488de747e' was completed in 139.62 seconds with score 46.45 (226 unrouted and 2031 violations), using 1766.38 CPU seconds and the job allocated 12379.54 GB of memory so far.
2026-09-20 10:50:52.515 WARN   BasicBoard.normalizeTraces: reached 2000 iterations for net '/MCU / clock / SWD/NRST' — stopping to prevent hang. The board geometry for this net may be oscillating (split/combine cycle); traces are kept as-is and further normalization for this net is suppressed on this board candidate.
2026-09-20 11:09:00.646 WARN   BasicBoard.normalizeTraces: reached 2000 iterations for net '/Brake chopper/BRAKE_PWM_DRV' — stopping to prevent hang. The board geometry for this net may be oscillating (split/combine cycle); traces are kept as-is and further normalization for this net is suppressed on this board candidate.
2026-09-20 11:09:10.941 INFO   [C3243E\E54A12] Auto-routing pass #13 on board 'ad78a3a3cd3fee7e1de3186488de747e' was completed in 1120.98 seconds with score 47.96 (225 unrouted and 2031 violations), using 1932.14 CPU seconds and the job allocated 13716.25 GB of memory so far.
2026-09-20 11:25:20.050 INFO   [C3243E\E54A12] Auto-routing pass #14 on board 'c1cb6212fb515ee9c86ca4c059342814' was completed in 967.65 seconds with score 49.46 (224 unrouted and 2031 violations), using 2050.16 CPU seconds and the job allocated 14757.97 GB of memory so far.
2026-09-20 11:27:13.763 INFO   [C3243E\E54A12] Auto-routing pass #15 on board 'ea78a251973bfab49c4a354f333ed3b4' was completed in 112.57 seconds with score 57.01 (219 unrouted and 2031 violations), using 2161.68 CPU seconds and the job allocated 15785.57 GB of memory so far.
2026-09-20 11:29:04.381 INFO   [C3243E\E54A12] Auto-routing pass #16 on board 'c16b6a57c81472ad8f8b6ecc27a1718f' was completed in 109.45 seconds with score 57.01 (219 unrouted and 2031 violations), using 2270.91 CPU seconds and the job allocated 16812.62 GB of memory so far.
2026-09-20 11:29:52.218 WARN   BasicBoard.normalizeTraces: reached 2000 iterations for net '/MCU / clock / SWD/NRST' — stopping to prevent hang. The board geometry for this net may be oscillating (split/combine cycle); traces are kept as-is and further normalization for this net is suppressed on this board candidate.
2026-09-20 11:31:07.547 WARN   BasicBoard.normalizeTraces: reached 2000 iterations for net '/Brake chopper/BRAKE_PWM_DRV' — stopping to prevent hang. The board geometry for this net may be oscillating (split/combine cycle); traces are kept as-is and further normalization for this net is suppressed on this board candidate.
2026-09-20 11:31:15.155 INFO   [C3243E\E54A12] Auto-routing pass #17 on board 'c16b6a57c81472ad8f8b6ecc27a1718f' was completed in 130.18 seconds with score 61.53 (216 unrouted and 2031 violations), using 2400.14 CPU seconds and the job allocated 18172.50 GB of memory so far.
2026-09-20 11:33:10.415 INFO   [C3243E\E54A12] Auto-routing pass #18 on board '7d0f78a0ddae4148b8920284ee910539' was completed in 114.09 seconds with score 60.02 (217 unrouted and 2031 violations), using 2514.80 CPU seconds and the job allocated 19220.62 GB of memory so far.
2026-09-20 11:35:03.087 INFO   [C3243E\E54A12] Auto-routing pass #19 on board 'd27cf90a56f05ea1808304bc3c479387' was completed in 111.52 seconds with score 57.01 (219 unrouted and 2031 violations), using 2625.48 CPU seconds and the job allocated 20228.25 GB of memory so far.
2026-09-20 11:36:55.719 INFO   [C3243E\E54A12] Auto-routing pass #20 on board '7d0f78a0ddae4148b8920284ee910539' was completed in 0.00 seconds with score 61.53 (216 unrouted and 2031 violations), using 2737.13 CPU seconds and the job allocated 21250.45 GB of memory so far.
2026-09-20 11:36:56.868 INFO   [C3243E\E54A12] Auto-routing stage completed: started with 365 unrouted nets, completed in 8925.32 seconds, final score: 61.53 (216 unrouted and 2031 violations), using 2738.12 total CPU seconds, 21260.61 GB total allocated, and 1534.4 MB peak heap usage.
2026-09-20 11:36:56.900 INFO   [C3243E\E54A12] Job 'C3243E\E54A12' finished with state: COMPLETED (elapsed: 2 hours 28 minutes 45.97 seconds, finished at UTC: 2026-09-20T10:36:56.899642Z).
2026-09-20 11:36:57.037 INFO   Saving output file '/Users/dionlava/Documents/GitHub/ShiroDrive/ShiroFOC/ShiroFOC_KiCad_P1/outputs/routing_P1/finish.ses' (SES)...
2026-09-20 11:36:57.044 INFO   Successfully saved output file '/Users/dionlava/Documents/GitHub/ShiroDrive/ShiroFOC/ShiroFOC_KiCad_P1/outputs/routing_P1/finish.ses' (166369 bytes).
