./src/common/stdpbase.cpp(59): assert ""traits"" failed in Get(): create wxApp before calling this
1 99 /Current / temperature/NTC_A_RAW -2 steps 1.12 s
2 99 /Current / temperature/NTC_A_RAW 351 steps 1.1 s
3 99 /Current / temperature/NTC_A_RAW 183 steps 1.11 s
4 99 /Current / temperature/NTC_B_RAW 1032 steps 1.14 s
5 99 /Current / temperature/NTC_C_RAW 738 steps 1.11 s
6 99 /Feedback selection/MUX_EXT_A -4 steps 1.25 s
7 99 /Feedback selection/MUX_EXT_B 862 steps 1.14 s
8 99 /Feedback selection/MUX_EXT_I 1177 steps 1.22 s
9 99 /MCU / clock / SWD/NRST -2 steps 1.1 s
10 99 /MCU / clock / SWD/NRST -4 steps 1.24 s
11 99 /MCU / clock / SWD/NRST 286 steps 1.17 s
12 99 /MCU / clock / SWD/SPARE_GPIO_1 1527 steps 1.18 s
13 99 /MCU / clock / SWD/SPARE_GPIO_3 1785 steps 1.25 s
14 99 /MCU / clock / SWD/SPARE_TIM_GPIO -4 steps 1.36 s
15 99 /SPI sensors/BMI323_MISO_RAW 132 steps 1.2 s
16 99 /SPI sensors/ENC_ON_B 1564 steps 1.33 s
17 99 /SPI sensors/ENC_ON_I 165 steps 1.23 s
18 99 /SPI sensors/SPI3_MOSI 14 steps 1.25 s
19 99 /SPI sensors/SPI3_MOSI -2 steps 1.25 s
20 99 /SPI sensors/SPI3_SCK 127 steps 1.24 s
21 99 /SPI sensors/SPI3_SCK -2 steps 1.25 s
22 99 /USB service/CP2102_RST_N -2 steps 1.25 s
23 99 3V3 273 steps 1.21 s
24 99 3V3 189 steps 1.21 s
25 99 3V3 -2 steps 1.22 s
26 99 3V3 -2 steps 1.19 s
27 99 3V3 -4 steps 1.34 s
28 99 3V3 38 steps 1.19 s
29 99 3V3 2 steps 1.19 s
30 99 3V3 96 steps 1.19 s
31 99 3V3 -2 steps 1.21 s
32 99 3V3 2 steps 1.19 s
33 99 3V3 -2 steps 1.26 s
34 99 3V3 -2 steps 1.21 s
35 99 5V_BAT 63 steps 1.26 s
36 99 5V_USB 263 steps 1.27 s
37 99 5V_USB_RAW 64 steps 1.26 s
38 99 AS5047P_CS_N -2 steps 1.27 s
39 99 AS5047P_CS_N -2 steps 1.27 s
40 99 BRAKE_PWM -2 steps 1.27 s
41 99 CAN_STB 22 steps 1.27 s
42 99 CAN_STB -4 steps 1.42 s
43 99 FDCAN1_RX -2 steps 1.26 s
44 99 FDCAN1_TX -4 steps 1.41 s
45 99 FEEDBACK_A_H1 -2 steps 1.7 s
46 99 FEEDBACK_A_H1 -2 steps 1.28 s
47 99 FEEDBACK_B_H2 -4 steps 1.42 s
48 99 FEEDBACK_B_H2 -2 steps 1.27 s
49 99 FEEDBACK_ENABLE_N -2 steps 1.28 s
50 99 FEEDBACK_ENABLE_N 202 steps 1.27 s
51 99 FEEDBACK_I_H3 -2 steps 1.27 s
52 99 FEEDBACK_I_H3 -4 steps 1.42 s
53 99 FEEDBACK_SELECT -2 steps 1.27 s
54 99 IMU_CS_N -2 steps 1.27 s
55 99 IMU_CS_N -2 steps 1.29 s
56 99 IMU_CS_N -2 steps 1.27 s
57 99 IMU_INT1 -4 steps 1.45 s
58 99 IMU_INT2 -2 steps 1.29 s
59 99 MUX_ON_B -2 steps 1.28 s
60 99 MUX_ON_I -2 steps 1.27 s
61 99 NTC_PHASE_A -2 steps 1.27 s
62 99 NTC_PHASE_A -2 steps 1.27 s
63 99 NTC_PHASE_B -2 steps 1.26 s
64 99 NTC_PHASE_B -2 steps 1.29 s
65 99 NTC_PHASE_C -2 steps 1.29 s
66 99 Net-(D301-K) 64 steps 1.24 s
67 99 Net-(D301-K) -2 steps 1.26 s
68 99 Net-(D302-K) -2 steps 1.25 s
69 99 Net-(R104-Pad2) -2 steps 1.23 s
70 99 Net-(R310-Pad2) 29 steps 1.26 s
71 99 Net-(R506-Pad2) -2 steps 1.26 s
72 99 Net-(R1001-Pad2) 1003 steps 1.33 s
73 99 Net-(U203-ILM) -4 steps 1.42 s
74 99 Net-(U203-OV1) 142 steps 1.31 s
75 99 Net-(U203-PR1) -2 steps 1.27 s
76 99 Net-(U203-SS) -2 steps 1.26 s
77 99 Net-(U301A-PA13{slash}SWDIO) -2 steps 1.26 s
78 99 Net-(U301A-PA14{slash}SWCLK) -2 steps 1.26 s
79 99 Net-(U301A-PF0) -2 steps 1.26 s
80 99 Net-(U301C-SCREF) -2 steps 1.26 s
81 99 Net-(U502-IN+) -4 steps 1.41 s
82 99 PWR_SOURCE_STATUS -2 steps 1.28 s
83 99 SPI3_MISO -2 steps 1.26 s
84 99 SPI3_MISO -2 steps 1.25 s
85 99 SPI3_MISO -2 steps 1.26 s
86 99 SPI3_MOSI_MCU -2 steps 1.34 s
87 99 SPI3_SCK_MCU -2 steps 1.28 s
88 99 USB_UART_RX 291 steps 1.23 s
89 99 USB_UART_RX -4 steps 1.4 s
90 99 USB_UART_TX -2 steps 1.26 s
91 99 USB_UART_TX -2 steps 1.27 s
92 99 VBUS_MUX_IN -4 steps 1.4 s
93 99 VBUS_SENSE -2 steps 1.26 s
94 99 VBUS_SENSE 23 steps 1.25 s
95 99 VBUS_SENSE -2 steps 1.27 s
96 99 VDDA -2 steps 1.26 s
97 99 VDDA -2 steps 1.62 s
98 99 VREF+ 23 steps 1.41 s
99 99 VREF+ -4 steps 1.46 s
ShiroFOC/ShiroFOC_KiCad_P1/outputs/routing_P1/signal_candidate.kicad_pcb
