stderr Warning: can't find the initialization file spinit.
stdout ******
stdout ** ngspice-44.2 shared library
stdout ******
stdout Note: No compatibility mode selected!
stdout Circuit: actual network dc checks, ideal amplifier, not switching/short-circuit validation
stdout Doing analysis at TEMP = 27.000000 and TNOM = 27.000000
stdout Using SPARSE 1.3 as Direct Linear Solver
stdout No. of Data Rows : 1
stdout v(out) = 1.650000e+00
stdout v(pp) = 5.689655e-02
stdout v(vmadc) = 2.000000e+00
stdout v(ntcadc) = 2.244898e+00
stdout v(fb10) = 1.000000e+00
stdout v(fb5) = 7.980000e-01
stdout v(sense) = 1.245000e+00
stdout Doing analysis at TEMP = 27.000000 and TNOM = 27.000000
stdout Using SPARSE 1.3 as Direct Linear Solver
stdout No. of Data Rows : 1
stdout v(out) = 2.144974e+00
stdout v(pp) = 7.396465e-02
stdout Doing analysis at TEMP = 27.000000 and TNOM = 27.000000
stdout Using SPARSE 1.3 as Direct Linear Solver
stdout No. of Data Rows : 1
stdout v(out) = 1.155025e+00
stdout v(pp) = 3.982846e-02
stdout v(sense) = 1.239000e+00
stdout ngspice-44.2 done
stdout Note: 'quit' asks for resetting or detaching ngspice.dll.
